// Jest Snapshot v1, https://goo.gl/fbAQLP

exports[`render item cards correctly 1`] = `
<div
  class="lg:w-80 w-auto bg-background  m-7 rounded-lg hover:shadow-secondary shadow-gray-400 shadow-lg hover:shadow-2xl duration-300"
  data-testid="item-card"
>
  <a
    href="/product/undefined"
  >
    <figure
      class="relative max-w-sm transition-all cursor-pointer"
    >
      <img
        alt="product"
        class="rounded-t-lg overflow-hidden object-cover mb-3 lg:h-80 h-80 shadow-md xl:w-full w-80 "
        src="https://cdn.discordapp.com/attachments/1031834305703460906/1041710013992947812/image.png"
      />
      <figcaption
        class="absolute top-3 right-1 px-4 text-lg"
      >
        <span
          class="inline-block bg-background bg-opacity-80 rounded-xl px-3 py-1 text-xl font-bold text-primary mr-2 mb-2"
        >
          110
           $
        </span>
      </figcaption>
    </figure>
    <div
      class="px-5 pb-5"
    >
      <h5
        class="text-3xl pb-2 font-extrabold text-primary"
      >
        T
        itle
      </h5>
      <span
        class="text-xl py-1 font-semibold text-primary"
      >
        Item Type
      </span>
      <h5
        class="text-base py-1 font-base text-primary"
      >
        D
        escription
      </h5>
      <div
        class=""
      >
        <span
          class="text-sm inline-block mr-1 font-semibold text-primary my-2 bg-tertiary py-2 px-4 bg-opacity-90 rounded-lg"
        />
        <h5
          class="text-base py-1 font-base text-primary"
        />
      </div>
      <button
        class="w-full my-2 duration-300 text-background bg-secondary hover:bg-primary focus:ring-1 focus:outline-none focus:ring-tertiary font-medium rounded-lg text-md px-5 py-2.5 text-center"
        type="button"
      >
        <a
          href="mailto: email"
        >
          email_owner
        </a>
      </button>
    </div>
  </a>
</div>
`;
