// Jest Snapshot v1, https://goo.gl/fbAQLP

exports[`render NavBar correctly 1`] = `
<nav
  className="shadow-md w-full z-10 sticky top-0 left-0 bg-gradient-to-tl from-transparent via-transparent to-secondary backdrop-blur-md "
  role="navigation"
  style={
    Object {
      "boxShadow": "0px 0px 10px 0px rgba(0, 0, 0, .25)",
      "padding": "3px 1rem",
    }
  }
>
  <div
    className="md:flex py-2 items-center justify-between md:px-8 px-10 max-h-24 "
  >
    <div>
      <a
        href="/"
        onClick={[Function]}
      >
        <img
          alt="logo"
          className="object-scale-down h-20 md:justify-self-center py-0"
          src="https://cdn.discordapp.com/attachments/1031834305703460906/1035627738440159303/Asset_23.png"
        />
      </a>
    </div>
    <button
      onClick={[Function]}
      type="button"
    >
      <svg
        className="text-6xl text-secondary absolute right-8 top-5 cursor-pointer md:hidden"
        fill="currentColor"
        height="1em"
        stroke="currentColor"
        strokeWidth="0"
        style={
          Object {
            "color": undefined,
          }
        }
        viewBox="0 0 448 512"
        width="1em"
        xmlns="http://www.w3.org/2000/svg"
      >
        <path
          d="M16 132h416c8.837 0 16-7.163 16-16V76c0-8.837-7.163-16-16-16H16C7.163 60 0 67.163 0 76v40c0 8.837 7.163 16 16 16zm0 160h416c8.837 0 16-7.163 16-16v-40c0-8.837-7.163-16-16-16H16c-8.837 0-16 7.163-16 16v40c0 8.837 7.163 16 16 16zm0 160h416c8.837 0 16-7.163 16-16v-40c0-8.837-7.163-16-16-16H16c-8.837 0-16 7.163-16 16v40c0 8.837 7.163 16 16 16z"
        />
      </svg>
    </button>
    <ul
      className="hidden md:flex items-center md:flex-row flex-col md:pb-0 absolute md:static w-full md:w-auto md:bg-transparent bg-background/70 md:shadow-none shadow-lg transition-all duration-500 ease-in left-[-700px] top-[96px] py-3"
    >
      <li>
        <a
          aria-current="page"
          className="md:ml-6 text-xl font-semibold md:my-0 hover:text-secondary duration-300 text-secondary underline"
          href="/"
          onClick={[Function]}
        >
          navbar.home
        </a>
      </li>
      <li />
      <li>
        <a
          className="md:ml-6 text-xl font-semibold md:my-0 text-primary hover:text-secondary duration-300"
          href="/about"
          onClick={[Function]}
        >
          navbar.about
        </a>
      </li>
      <li>
        <a
          className="md:ml-6 text-xl font-semibold md:my-0 text-primary hover:text-secondary duration-300"
          href="/signin"
          onClick={[Function]}
        >
          navbar.sign_in
        </a>
      </li>
      <div
        className="relative inline-block text-left"
        data-headlessui-state=""
        data-testid="language-button"
      >
        <div>
          <button
            aria-expanded={false}
            aria-haspopup={true}
            className="md:ml-6 text-2xl md:mt-0 mt-2 text-secondary hover:text-primary duration-500"
            data-headlessui-state=""
            data-testid="language-botton-toggle"
            id="headlessui-menu-button-:r0:"
            onClick={[Function]}
            onKeyDown={[Function]}
            onKeyUp={[Function]}
            type="button"
          >
            <img
              alt="English"
              className="h-8 w-8"
              src="us-flag.svg"
            />
          </button>
        </div>
      </div>
    </ul>
  </div>
</nav>
`;
